TimeQuest Timing Analyzer report for n_register
Sun Oct 07 19:17:32 2018
Quartus II 64-Bit Version 13.0.1 Build 232 06/12/2013 Service Pack 1 SJ Web Edition


---------------------
; Table of Contents ;
---------------------
  1. Legal Notice
  2. TimeQuest Timing Analyzer Summary
  3. Parallel Compilation
  4. SDC File List
  5. Clocks
  6. Slow Model Fmax Summary
  7. Slow Model Setup Summary
  8. Slow Model Hold Summary
  9. Slow Model Recovery Summary
 10. Slow Model Removal Summary
 11. Slow Model Minimum Pulse Width Summary
 12. Slow Model Minimum Pulse Width: 'clock'
 13. Setup Times
 14. Hold Times
 15. Clock to Output Times
 16. Minimum Clock to Output Times
 17. Fast Model Setup Summary
 18. Fast Model Hold Summary
 19. Fast Model Recovery Summary
 20. Fast Model Removal Summary
 21. Fast Model Minimum Pulse Width Summary
 22. Fast Model Minimum Pulse Width: 'clock'
 23. Setup Times
 24. Hold Times
 25. Clock to Output Times
 26. Minimum Clock to Output Times
 27. Multicorner Timing Analysis Summary
 28. Setup Times
 29. Hold Times
 30. Clock to Output Times
 31. Minimum Clock to Output Times
 32. Clock Transfers
 33. Report TCCS
 34. Report RSKM
 35. Unconstrained Paths
 36. TimeQuest Timing Analyzer Messages



----------------
; Legal Notice ;
----------------
Copyright (C) 1991-2013 Altera Corporation
Your use of Altera Corporation's design tools, logic functions 
and other software and tools, and its AMPP partner logic 
functions, and any output files from any of the foregoing 
(including device programming or simulation files), and any 
associated documentation or information are expressly subject 
to the terms and conditions of the Altera Program License 
Subscription Agreement, Altera MegaCore Function License 
Agreement, or other applicable license agreement, including, 
without limitation, that your use is for the sole purpose of 
programming logic devices manufactured by Altera and sold by 
Altera or its authorized distributors.  Please refer to the 
applicable agreement for further details.



+----------------------------------------------------------------------------------------+
; TimeQuest Timing Analyzer Summary                                                      ;
+--------------------+-------------------------------------------------------------------+
; Quartus II Version ; Version 13.0.1 Build 232 06/12/2013 Service Pack 1 SJ Web Edition ;
; Revision Name      ; n_register                                                        ;
; Device Family      ; Cyclone II                                                        ;
; Device Name        ; EP2C5AF256A7                                                      ;
; Timing Models      ; Final                                                             ;
; Delay Model        ; Combined                                                          ;
; Rise/Fall Delays   ; Unavailable                                                       ;
+--------------------+-------------------------------------------------------------------+


Parallel compilation was disabled, but you have multiple processors available. Enable parallel compilation to reduce compilation time.
+-------------------------------------+
; Parallel Compilation                ;
+----------------------------+--------+
; Processors                 ; Number ;
+----------------------------+--------+
; Number detected on machine ; 8      ;
; Maximum allowed            ; 1      ;
+----------------------------+--------+


+----------------------------------------------------+
; SDC File List                                      ;
+----------------+--------+--------------------------+
; SDC File Path  ; Status ; Read at                  ;
+----------------+--------+--------------------------+
; n_register.sdc ; OK     ; Sun Oct 07 19:17:31 2018 ;
+----------------+--------+--------------------------+


+---------------------------------------------------------------------------------------------------------------------------------------------------------------------------------+
; Clocks                                                                                                                                                                          ;
+------------+------+--------+-----------+-------+--------+------------+-----------+-------------+-------+--------+-----------+------------+----------+--------+--------+---------+
; Clock Name ; Type ; Period ; Frequency ; Rise  ; Fall   ; Duty Cycle ; Divide by ; Multiply by ; Phase ; Offset ; Edge List ; Edge Shift ; Inverted ; Master ; Source ; Targets ;
+------------+------+--------+-----------+-------+--------+------------+-----------+-------------+-------+--------+-----------+------------+----------+--------+--------+---------+
; clock      ; Base ; 20.000 ; 50.0 MHz  ; 0.000 ; 10.000 ;            ;           ;             ;       ;        ;           ;            ;          ;        ;        ; { clk } ;
+------------+------+--------+-----------+-------+--------+------------+-----------+-------------+-------+--------+-----------+------------+----------+--------+--------+---------+


---------------------------
; Slow Model Fmax Summary ;
---------------------------
No paths to report.


----------------------------
; Slow Model Setup Summary ;
----------------------------
No paths to report.


---------------------------
; Slow Model Hold Summary ;
---------------------------
No paths to report.


-------------------------------
; Slow Model Recovery Summary ;
-------------------------------
No paths to report.


------------------------------
; Slow Model Removal Summary ;
------------------------------
No paths to report.


+----------------------------------------+
; Slow Model Minimum Pulse Width Summary ;
+-------+-------+------------------------+
; Clock ; Slack ; End Point TNS          ;
+-------+-------+------------------------+
; clock ; 8.889 ; 0.000                  ;
+-------+-------+------------------------+


+-------------------------------------------------------------------------------------------------------+
; Slow Model Minimum Pulse Width: 'clock'                                                               ;
+--------+--------------+----------------+------------------+-------+------------+----------------------+
; Slack  ; Actual Width ; Required Width ; Type             ; Clock ; Clock Edge ; Target               ;
+--------+--------------+----------------+------------------+-------+------------+----------------------+
; 8.889  ; 10.000       ; 1.111          ; High Pulse Width ; clock ; Rise       ; current_reg[0]       ;
; 8.889  ; 10.000       ; 1.111          ; Low Pulse Width  ; clock ; Rise       ; current_reg[0]       ;
; 8.889  ; 10.000       ; 1.111          ; High Pulse Width ; clock ; Rise       ; current_reg[1]       ;
; 8.889  ; 10.000       ; 1.111          ; Low Pulse Width  ; clock ; Rise       ; current_reg[1]       ;
; 8.889  ; 10.000       ; 1.111          ; High Pulse Width ; clock ; Rise       ; current_reg[2]       ;
; 8.889  ; 10.000       ; 1.111          ; Low Pulse Width  ; clock ; Rise       ; current_reg[2]       ;
; 8.889  ; 10.000       ; 1.111          ; High Pulse Width ; clock ; Rise       ; current_reg[3]       ;
; 8.889  ; 10.000       ; 1.111          ; Low Pulse Width  ; clock ; Rise       ; current_reg[3]       ;
; 8.889  ; 10.000       ; 1.111          ; High Pulse Width ; clock ; Rise       ; current_reg[4]       ;
; 8.889  ; 10.000       ; 1.111          ; Low Pulse Width  ; clock ; Rise       ; current_reg[4]       ;
; 8.889  ; 10.000       ; 1.111          ; High Pulse Width ; clock ; Rise       ; current_reg[5]       ;
; 8.889  ; 10.000       ; 1.111          ; Low Pulse Width  ; clock ; Rise       ; current_reg[5]       ;
; 8.889  ; 10.000       ; 1.111          ; High Pulse Width ; clock ; Rise       ; current_reg[6]       ;
; 8.889  ; 10.000       ; 1.111          ; Low Pulse Width  ; clock ; Rise       ; current_reg[6]       ;
; 8.889  ; 10.000       ; 1.111          ; High Pulse Width ; clock ; Rise       ; current_reg[7]       ;
; 8.889  ; 10.000       ; 1.111          ; Low Pulse Width  ; clock ; Rise       ; current_reg[7]       ;
; 10.000 ; 10.000       ; 0.000          ; High Pulse Width ; clock ; Rise       ; clk|combout          ;
; 10.000 ; 10.000       ; 0.000          ; Low Pulse Width  ; clock ; Rise       ; clk|combout          ;
; 10.000 ; 10.000       ; 0.000          ; High Pulse Width ; clock ; Rise       ; clk~clkctrl|inclk[0] ;
; 10.000 ; 10.000       ; 0.000          ; Low Pulse Width  ; clock ; Rise       ; clk~clkctrl|inclk[0] ;
; 10.000 ; 10.000       ; 0.000          ; High Pulse Width ; clock ; Rise       ; clk~clkctrl|outclk   ;
; 10.000 ; 10.000       ; 0.000          ; Low Pulse Width  ; clock ; Rise       ; clk~clkctrl|outclk   ;
; 10.000 ; 10.000       ; 0.000          ; High Pulse Width ; clock ; Rise       ; current_reg[0]|clk   ;
; 10.000 ; 10.000       ; 0.000          ; Low Pulse Width  ; clock ; Rise       ; current_reg[0]|clk   ;
; 10.000 ; 10.000       ; 0.000          ; High Pulse Width ; clock ; Rise       ; current_reg[1]|clk   ;
; 10.000 ; 10.000       ; 0.000          ; Low Pulse Width  ; clock ; Rise       ; current_reg[1]|clk   ;
; 10.000 ; 10.000       ; 0.000          ; High Pulse Width ; clock ; Rise       ; current_reg[2]|clk   ;
; 10.000 ; 10.000       ; 0.000          ; Low Pulse Width  ; clock ; Rise       ; current_reg[2]|clk   ;
; 10.000 ; 10.000       ; 0.000          ; High Pulse Width ; clock ; Rise       ; current_reg[3]|clk   ;
; 10.000 ; 10.000       ; 0.000          ; Low Pulse Width  ; clock ; Rise       ; current_reg[3]|clk   ;
; 10.000 ; 10.000       ; 0.000          ; High Pulse Width ; clock ; Rise       ; current_reg[4]|clk   ;
; 10.000 ; 10.000       ; 0.000          ; Low Pulse Width  ; clock ; Rise       ; current_reg[4]|clk   ;
; 10.000 ; 10.000       ; 0.000          ; High Pulse Width ; clock ; Rise       ; current_reg[5]|clk   ;
; 10.000 ; 10.000       ; 0.000          ; Low Pulse Width  ; clock ; Rise       ; current_reg[5]|clk   ;
; 10.000 ; 10.000       ; 0.000          ; High Pulse Width ; clock ; Rise       ; current_reg[6]|clk   ;
; 10.000 ; 10.000       ; 0.000          ; Low Pulse Width  ; clock ; Rise       ; current_reg[6]|clk   ;
; 10.000 ; 10.000       ; 0.000          ; High Pulse Width ; clock ; Rise       ; current_reg[7]|clk   ;
; 10.000 ; 10.000       ; 0.000          ; Low Pulse Width  ; clock ; Rise       ; current_reg[7]|clk   ;
; 17.369 ; 20.000       ; 2.631          ; Port Rate        ; clock ; Rise       ; clk                  ;
+--------+--------------+----------------+------------------+-------+------------+----------------------+


+-------------------------------------------------------------------------+
; Setup Times                                                             ;
+-----------+------------+--------+--------+------------+-----------------+
; Data Port ; Clock Port ; Rise   ; Fall   ; Clock Edge ; Clock Reference ;
+-----------+------------+--------+--------+------------+-----------------+
; d[*]      ; clock      ; 4.952  ; 4.952  ; Rise       ; clock           ;
;  d[0]     ; clock      ; 3.874  ; 3.874  ; Rise       ; clock           ;
;  d[1]     ; clock      ; 3.881  ; 3.881  ; Rise       ; clock           ;
;  d[2]     ; clock      ; 3.548  ; 3.548  ; Rise       ; clock           ;
;  d[3]     ; clock      ; 4.090  ; 4.090  ; Rise       ; clock           ;
;  d[4]     ; clock      ; -0.334 ; -0.334 ; Rise       ; clock           ;
;  d[5]     ; clock      ; -0.340 ; -0.340 ; Rise       ; clock           ;
;  d[6]     ; clock      ; 4.578  ; 4.578  ; Rise       ; clock           ;
;  d[7]     ; clock      ; 4.952  ; 4.952  ; Rise       ; clock           ;
; load      ; clock      ; 4.623  ; 4.623  ; Rise       ; clock           ;
+-----------+------------+--------+--------+------------+-----------------+


+-------------------------------------------------------------------------+
; Hold Times                                                              ;
+-----------+------------+--------+--------+------------+-----------------+
; Data Port ; Clock Port ; Rise   ; Fall   ; Clock Edge ; Clock Reference ;
+-----------+------------+--------+--------+------------+-----------------+
; d[*]      ; clock      ; 0.597  ; 0.597  ; Rise       ; clock           ;
;  d[0]     ; clock      ; -3.617 ; -3.617 ; Rise       ; clock           ;
;  d[1]     ; clock      ; -3.624 ; -3.624 ; Rise       ; clock           ;
;  d[2]     ; clock      ; -3.291 ; -3.291 ; Rise       ; clock           ;
;  d[3]     ; clock      ; -3.833 ; -3.833 ; Rise       ; clock           ;
;  d[4]     ; clock      ; 0.591  ; 0.591  ; Rise       ; clock           ;
;  d[5]     ; clock      ; 0.597  ; 0.597  ; Rise       ; clock           ;
;  d[6]     ; clock      ; -4.321 ; -4.321 ; Rise       ; clock           ;
;  d[7]     ; clock      ; -4.695 ; -4.695 ; Rise       ; clock           ;
; load      ; clock      ; -4.366 ; -4.366 ; Rise       ; clock           ;
+-----------+------------+--------+--------+------------+-----------------+


+-----------------------------------------------------------------------+
; Clock to Output Times                                                 ;
+-----------+------------+-------+-------+------------+-----------------+
; Data Port ; Clock Port ; Rise  ; Fall  ; Clock Edge ; Clock Reference ;
+-----------+------------+-------+-------+------------+-----------------+
; q[*]      ; clock      ; 8.408 ; 8.408 ; Rise       ; clock           ;
;  q[0]     ; clock      ; 8.383 ; 8.383 ; Rise       ; clock           ;
;  q[1]     ; clock      ; 6.399 ; 6.399 ; Rise       ; clock           ;
;  q[2]     ; clock      ; 8.408 ; 8.408 ; Rise       ; clock           ;
;  q[3]     ; clock      ; 6.737 ; 6.737 ; Rise       ; clock           ;
;  q[4]     ; clock      ; 8.030 ; 8.030 ; Rise       ; clock           ;
;  q[5]     ; clock      ; 6.737 ; 6.737 ; Rise       ; clock           ;
;  q[6]     ; clock      ; 7.653 ; 7.653 ; Rise       ; clock           ;
;  q[7]     ; clock      ; 7.413 ; 7.413 ; Rise       ; clock           ;
+-----------+------------+-------+-------+------------+-----------------+


+-----------------------------------------------------------------------+
; Minimum Clock to Output Times                                         ;
+-----------+------------+-------+-------+------------+-----------------+
; Data Port ; Clock Port ; Rise  ; Fall  ; Clock Edge ; Clock Reference ;
+-----------+------------+-------+-------+------------+-----------------+
; q[*]      ; clock      ; 6.399 ; 6.399 ; Rise       ; clock           ;
;  q[0]     ; clock      ; 8.383 ; 8.383 ; Rise       ; clock           ;
;  q[1]     ; clock      ; 6.399 ; 6.399 ; Rise       ; clock           ;
;  q[2]     ; clock      ; 8.408 ; 8.408 ; Rise       ; clock           ;
;  q[3]     ; clock      ; 6.737 ; 6.737 ; Rise       ; clock           ;
;  q[4]     ; clock      ; 8.030 ; 8.030 ; Rise       ; clock           ;
;  q[5]     ; clock      ; 6.737 ; 6.737 ; Rise       ; clock           ;
;  q[6]     ; clock      ; 7.653 ; 7.653 ; Rise       ; clock           ;
;  q[7]     ; clock      ; 7.413 ; 7.413 ; Rise       ; clock           ;
+-----------+------------+-------+-------+------------+-----------------+


----------------------------
; Fast Model Setup Summary ;
----------------------------
No paths to report.


---------------------------
; Fast Model Hold Summary ;
---------------------------
No paths to report.


-------------------------------
; Fast Model Recovery Summary ;
-------------------------------
No paths to report.


------------------------------
; Fast Model Removal Summary ;
------------------------------
No paths to report.


+----------------------------------------+
; Fast Model Minimum Pulse Width Summary ;
+-------+-------+------------------------+
; Clock ; Slack ; End Point TNS          ;
+-------+-------+------------------------+
; clock ; 9.000 ; 0.000                  ;
+-------+-------+------------------------+


+-------------------------------------------------------------------------------------------------------+
; Fast Model Minimum Pulse Width: 'clock'                                                               ;
+--------+--------------+----------------+------------------+-------+------------+----------------------+
; Slack  ; Actual Width ; Required Width ; Type             ; Clock ; Clock Edge ; Target               ;
+--------+--------------+----------------+------------------+-------+------------+----------------------+
; 9.000  ; 10.000       ; 1.000          ; High Pulse Width ; clock ; Rise       ; current_reg[0]       ;
; 9.000  ; 10.000       ; 1.000          ; Low Pulse Width  ; clock ; Rise       ; current_reg[0]       ;
; 9.000  ; 10.000       ; 1.000          ; High Pulse Width ; clock ; Rise       ; current_reg[1]       ;
; 9.000  ; 10.000       ; 1.000          ; Low Pulse Width  ; clock ; Rise       ; current_reg[1]       ;
; 9.000  ; 10.000       ; 1.000          ; High Pulse Width ; clock ; Rise       ; current_reg[2]       ;
; 9.000  ; 10.000       ; 1.000          ; Low Pulse Width  ; clock ; Rise       ; current_reg[2]       ;
; 9.000  ; 10.000       ; 1.000          ; High Pulse Width ; clock ; Rise       ; current_reg[3]       ;
; 9.000  ; 10.000       ; 1.000          ; Low Pulse Width  ; clock ; Rise       ; current_reg[3]       ;
; 9.000  ; 10.000       ; 1.000          ; High Pulse Width ; clock ; Rise       ; current_reg[4]       ;
; 9.000  ; 10.000       ; 1.000          ; Low Pulse Width  ; clock ; Rise       ; current_reg[4]       ;
; 9.000  ; 10.000       ; 1.000          ; High Pulse Width ; clock ; Rise       ; current_reg[5]       ;
; 9.000  ; 10.000       ; 1.000          ; Low Pulse Width  ; clock ; Rise       ; current_reg[5]       ;
; 9.000  ; 10.000       ; 1.000          ; High Pulse Width ; clock ; Rise       ; current_reg[6]       ;
; 9.000  ; 10.000       ; 1.000          ; Low Pulse Width  ; clock ; Rise       ; current_reg[6]       ;
; 9.000  ; 10.000       ; 1.000          ; High Pulse Width ; clock ; Rise       ; current_reg[7]       ;
; 9.000  ; 10.000       ; 1.000          ; Low Pulse Width  ; clock ; Rise       ; current_reg[7]       ;
; 10.000 ; 10.000       ; 0.000          ; High Pulse Width ; clock ; Rise       ; clk|combout          ;
; 10.000 ; 10.000       ; 0.000          ; Low Pulse Width  ; clock ; Rise       ; clk|combout          ;
; 10.000 ; 10.000       ; 0.000          ; High Pulse Width ; clock ; Rise       ; clk~clkctrl|inclk[0] ;
; 10.000 ; 10.000       ; 0.000          ; Low Pulse Width  ; clock ; Rise       ; clk~clkctrl|inclk[0] ;
; 10.000 ; 10.000       ; 0.000          ; High Pulse Width ; clock ; Rise       ; clk~clkctrl|outclk   ;
; 10.000 ; 10.000       ; 0.000          ; Low Pulse Width  ; clock ; Rise       ; clk~clkctrl|outclk   ;
; 10.000 ; 10.000       ; 0.000          ; High Pulse Width ; clock ; Rise       ; current_reg[0]|clk   ;
; 10.000 ; 10.000       ; 0.000          ; Low Pulse Width  ; clock ; Rise       ; current_reg[0]|clk   ;
; 10.000 ; 10.000       ; 0.000          ; High Pulse Width ; clock ; Rise       ; current_reg[1]|clk   ;
; 10.000 ; 10.000       ; 0.000          ; Low Pulse Width  ; clock ; Rise       ; current_reg[1]|clk   ;
; 10.000 ; 10.000       ; 0.000          ; High Pulse Width ; clock ; Rise       ; current_reg[2]|clk   ;
; 10.000 ; 10.000       ; 0.000          ; Low Pulse Width  ; clock ; Rise       ; current_reg[2]|clk   ;
; 10.000 ; 10.000       ; 0.000          ; High Pulse Width ; clock ; Rise       ; current_reg[3]|clk   ;
; 10.000 ; 10.000       ; 0.000          ; Low Pulse Width  ; clock ; Rise       ; current_reg[3]|clk   ;
; 10.000 ; 10.000       ; 0.000          ; High Pulse Width ; clock ; Rise       ; current_reg[4]|clk   ;
; 10.000 ; 10.000       ; 0.000          ; Low Pulse Width  ; clock ; Rise       ; current_reg[4]|clk   ;
; 10.000 ; 10.000       ; 0.000          ; High Pulse Width ; clock ; Rise       ; current_reg[5]|clk   ;
; 10.000 ; 10.000       ; 0.000          ; Low Pulse Width  ; clock ; Rise       ; current_reg[5]|clk   ;
; 10.000 ; 10.000       ; 0.000          ; High Pulse Width ; clock ; Rise       ; current_reg[6]|clk   ;
; 10.000 ; 10.000       ; 0.000          ; Low Pulse Width  ; clock ; Rise       ; current_reg[6]|clk   ;
; 10.000 ; 10.000       ; 0.000          ; High Pulse Width ; clock ; Rise       ; current_reg[7]|clk   ;
; 10.000 ; 10.000       ; 0.000          ; Low Pulse Width  ; clock ; Rise       ; current_reg[7]|clk   ;
; 17.620 ; 20.000       ; 2.380          ; Port Rate        ; clock ; Rise       ; clk                  ;
+--------+--------------+----------------+------------------+-------+------------+----------------------+


+-------------------------------------------------------------------------+
; Setup Times                                                             ;
+-----------+------------+--------+--------+------------+-----------------+
; Data Port ; Clock Port ; Rise   ; Fall   ; Clock Edge ; Clock Reference ;
+-----------+------------+--------+--------+------------+-----------------+
; d[*]      ; clock      ; 2.254  ; 2.254  ; Rise       ; clock           ;
;  d[0]     ; clock      ; 1.837  ; 1.837  ; Rise       ; clock           ;
;  d[1]     ; clock      ; 1.841  ; 1.841  ; Rise       ; clock           ;
;  d[2]     ; clock      ; 1.735  ; 1.735  ; Rise       ; clock           ;
;  d[3]     ; clock      ; 1.934  ; 1.934  ; Rise       ; clock           ;
;  d[4]     ; clock      ; -0.385 ; -0.385 ; Rise       ; clock           ;
;  d[5]     ; clock      ; -0.388 ; -0.388 ; Rise       ; clock           ;
;  d[6]     ; clock      ; 2.104  ; 2.104  ; Rise       ; clock           ;
;  d[7]     ; clock      ; 2.254  ; 2.254  ; Rise       ; clock           ;
; load      ; clock      ; 2.249  ; 2.249  ; Rise       ; clock           ;
+-----------+------------+--------+--------+------------+-----------------+


+-------------------------------------------------------------------------+
; Hold Times                                                              ;
+-----------+------------+--------+--------+------------+-----------------+
; Data Port ; Clock Port ; Rise   ; Fall   ; Clock Edge ; Clock Reference ;
+-----------+------------+--------+--------+------------+-----------------+
; d[*]      ; clock      ; 0.506  ; 0.506  ; Rise       ; clock           ;
;  d[0]     ; clock      ; -1.719 ; -1.719 ; Rise       ; clock           ;
;  d[1]     ; clock      ; -1.723 ; -1.723 ; Rise       ; clock           ;
;  d[2]     ; clock      ; -1.617 ; -1.617 ; Rise       ; clock           ;
;  d[3]     ; clock      ; -1.816 ; -1.816 ; Rise       ; clock           ;
;  d[4]     ; clock      ; 0.503  ; 0.503  ; Rise       ; clock           ;
;  d[5]     ; clock      ; 0.506  ; 0.506  ; Rise       ; clock           ;
;  d[6]     ; clock      ; -1.986 ; -1.986 ; Rise       ; clock           ;
;  d[7]     ; clock      ; -2.136 ; -2.136 ; Rise       ; clock           ;
; load      ; clock      ; -2.131 ; -2.131 ; Rise       ; clock           ;
+-----------+------------+--------+--------+------------+-----------------+


+-----------------------------------------------------------------------+
; Clock to Output Times                                                 ;
+-----------+------------+-------+-------+------------+-----------------+
; Data Port ; Clock Port ; Rise  ; Fall  ; Clock Edge ; Clock Reference ;
+-----------+------------+-------+-------+------------+-----------------+
; q[*]      ; clock      ; 3.861 ; 3.861 ; Rise       ; clock           ;
;  q[0]     ; clock      ; 3.857 ; 3.857 ; Rise       ; clock           ;
;  q[1]     ; clock      ; 3.057 ; 3.057 ; Rise       ; clock           ;
;  q[2]     ; clock      ; 3.861 ; 3.861 ; Rise       ; clock           ;
;  q[3]     ; clock      ; 3.171 ; 3.171 ; Rise       ; clock           ;
;  q[4]     ; clock      ; 3.702 ; 3.702 ; Rise       ; clock           ;
;  q[5]     ; clock      ; 3.170 ; 3.170 ; Rise       ; clock           ;
;  q[6]     ; clock      ; 3.542 ; 3.542 ; Rise       ; clock           ;
;  q[7]     ; clock      ; 3.476 ; 3.476 ; Rise       ; clock           ;
+-----------+------------+-------+-------+------------+-----------------+


+-----------------------------------------------------------------------+
; Minimum Clock to Output Times                                         ;
+-----------+------------+-------+-------+------------+-----------------+
; Data Port ; Clock Port ; Rise  ; Fall  ; Clock Edge ; Clock Reference ;
+-----------+------------+-------+-------+------------+-----------------+
; q[*]      ; clock      ; 3.057 ; 3.057 ; Rise       ; clock           ;
;  q[0]     ; clock      ; 3.857 ; 3.857 ; Rise       ; clock           ;
;  q[1]     ; clock      ; 3.057 ; 3.057 ; Rise       ; clock           ;
;  q[2]     ; clock      ; 3.861 ; 3.861 ; Rise       ; clock           ;
;  q[3]     ; clock      ; 3.171 ; 3.171 ; Rise       ; clock           ;
;  q[4]     ; clock      ; 3.702 ; 3.702 ; Rise       ; clock           ;
;  q[5]     ; clock      ; 3.170 ; 3.170 ; Rise       ; clock           ;
;  q[6]     ; clock      ; 3.542 ; 3.542 ; Rise       ; clock           ;
;  q[7]     ; clock      ; 3.476 ; 3.476 ; Rise       ; clock           ;
+-----------+------------+-------+-------+------------+-----------------+


+----------------------------------------------------------------------------+
; Multicorner Timing Analysis Summary                                        ;
+------------------+-------+------+----------+---------+---------------------+
; Clock            ; Setup ; Hold ; Recovery ; Removal ; Minimum Pulse Width ;
+------------------+-------+------+----------+---------+---------------------+
; Worst-case Slack ; N/A   ; N/A  ; N/A      ; N/A     ; 8.889               ;
;  clock           ; N/A   ; N/A  ; N/A      ; N/A     ; 8.889               ;
; Design-wide TNS  ; 0.0   ; 0.0  ; 0.0      ; 0.0     ; 0.0                 ;
;  clock           ; N/A   ; N/A  ; N/A      ; N/A     ; 0.000               ;
+------------------+-------+------+----------+---------+---------------------+


+-------------------------------------------------------------------------+
; Setup Times                                                             ;
+-----------+------------+--------+--------+------------+-----------------+
; Data Port ; Clock Port ; Rise   ; Fall   ; Clock Edge ; Clock Reference ;
+-----------+------------+--------+--------+------------+-----------------+
; d[*]      ; clock      ; 4.952  ; 4.952  ; Rise       ; clock           ;
;  d[0]     ; clock      ; 3.874  ; 3.874  ; Rise       ; clock           ;
;  d[1]     ; clock      ; 3.881  ; 3.881  ; Rise       ; clock           ;
;  d[2]     ; clock      ; 3.548  ; 3.548  ; Rise       ; clock           ;
;  d[3]     ; clock      ; 4.090  ; 4.090  ; Rise       ; clock           ;
;  d[4]     ; clock      ; -0.334 ; -0.334 ; Rise       ; clock           ;
;  d[5]     ; clock      ; -0.340 ; -0.340 ; Rise       ; clock           ;
;  d[6]     ; clock      ; 4.578  ; 4.578  ; Rise       ; clock           ;
;  d[7]     ; clock      ; 4.952  ; 4.952  ; Rise       ; clock           ;
; load      ; clock      ; 4.623  ; 4.623  ; Rise       ; clock           ;
+-----------+------------+--------+--------+------------+-----------------+


+-------------------------------------------------------------------------+
; Hold Times                                                              ;
+-----------+------------+--------+--------+------------+-----------------+
; Data Port ; Clock Port ; Rise   ; Fall   ; Clock Edge ; Clock Reference ;
+-----------+------------+--------+--------+------------+-----------------+
; d[*]      ; clock      ; 0.597  ; 0.597  ; Rise       ; clock           ;
;  d[0]     ; clock      ; -1.719 ; -1.719 ; Rise       ; clock           ;
;  d[1]     ; clock      ; -1.723 ; -1.723 ; Rise       ; clock           ;
;  d[2]     ; clock      ; -1.617 ; -1.617 ; Rise       ; clock           ;
;  d[3]     ; clock      ; -1.816 ; -1.816 ; Rise       ; clock           ;
;  d[4]     ; clock      ; 0.591  ; 0.591  ; Rise       ; clock           ;
;  d[5]     ; clock      ; 0.597  ; 0.597  ; Rise       ; clock           ;
;  d[6]     ; clock      ; -1.986 ; -1.986 ; Rise       ; clock           ;
;  d[7]     ; clock      ; -2.136 ; -2.136 ; Rise       ; clock           ;
; load      ; clock      ; -2.131 ; -2.131 ; Rise       ; clock           ;
+-----------+------------+--------+--------+------------+-----------------+


+-----------------------------------------------------------------------+
; Clock to Output Times                                                 ;
+-----------+------------+-------+-------+------------+-----------------+
; Data Port ; Clock Port ; Rise  ; Fall  ; Clock Edge ; Clock Reference ;
+-----------+------------+-------+-------+------------+-----------------+
; q[*]      ; clock      ; 8.408 ; 8.408 ; Rise       ; clock           ;
;  q[0]     ; clock      ; 8.383 ; 8.383 ; Rise       ; clock           ;
;  q[1]     ; clock      ; 6.399 ; 6.399 ; Rise       ; clock           ;
;  q[2]     ; clock      ; 8.408 ; 8.408 ; Rise       ; clock           ;
;  q[3]     ; clock      ; 6.737 ; 6.737 ; Rise       ; clock           ;
;  q[4]     ; clock      ; 8.030 ; 8.030 ; Rise       ; clock           ;
;  q[5]     ; clock      ; 6.737 ; 6.737 ; Rise       ; clock           ;
;  q[6]     ; clock      ; 7.653 ; 7.653 ; Rise       ; clock           ;
;  q[7]     ; clock      ; 7.413 ; 7.413 ; Rise       ; clock           ;
+-----------+------------+-------+-------+------------+-----------------+


+-----------------------------------------------------------------------+
; Minimum Clock to Output Times                                         ;
+-----------+------------+-------+-------+------------+-----------------+
; Data Port ; Clock Port ; Rise  ; Fall  ; Clock Edge ; Clock Reference ;
+-----------+------------+-------+-------+------------+-----------------+
; q[*]      ; clock      ; 3.057 ; 3.057 ; Rise       ; clock           ;
;  q[0]     ; clock      ; 3.857 ; 3.857 ; Rise       ; clock           ;
;  q[1]     ; clock      ; 3.057 ; 3.057 ; Rise       ; clock           ;
;  q[2]     ; clock      ; 3.861 ; 3.861 ; Rise       ; clock           ;
;  q[3]     ; clock      ; 3.171 ; 3.171 ; Rise       ; clock           ;
;  q[4]     ; clock      ; 3.702 ; 3.702 ; Rise       ; clock           ;
;  q[5]     ; clock      ; 3.170 ; 3.170 ; Rise       ; clock           ;
;  q[6]     ; clock      ; 3.542 ; 3.542 ; Rise       ; clock           ;
;  q[7]     ; clock      ; 3.476 ; 3.476 ; Rise       ; clock           ;
+-----------+------------+-------+-------+------------+-----------------+


-------------------
; Clock Transfers ;
-------------------
Nothing to report.


---------------
; Report TCCS ;
---------------
No dedicated SERDES Transmitter circuitry present in device or used in design


---------------
; Report RSKM ;
---------------
No dedicated SERDES Receiver circuitry present in device or used in design


+------------------------------------------------+
; Unconstrained Paths                            ;
+---------------------------------+-------+------+
; Property                        ; Setup ; Hold ;
+---------------------------------+-------+------+
; Illegal Clocks                  ; 0     ; 0    ;
; Unconstrained Clocks            ; 0     ; 0    ;
; Unconstrained Input Ports       ; 10    ; 10   ;
; Unconstrained Input Port Paths  ; 24    ; 24   ;
; Unconstrained Output Ports      ; 8     ; 8    ;
; Unconstrained Output Port Paths ; 8     ; 8    ;
+---------------------------------+-------+------+


+------------------------------------+
; TimeQuest Timing Analyzer Messages ;
+------------------------------------+
Info: *******************************************************************
Info: Running Quartus II 64-Bit TimeQuest Timing Analyzer
    Info: Version 13.0.1 Build 232 06/12/2013 Service Pack 1 SJ Web Edition
    Info: Processing started: Sun Oct 07 19:17:31 2018
Info: Command: quartus_sta n_register -c n_register
Info: qsta_default_script.tcl version: #1
Warning (20028): Parallel compilation is not licensed and has been disabled
Info (21077): Low junction temperature is -40 degrees C
Info (21077): High junction temperature is 125 degrees C
Info (332104): Reading SDC File: 'n_register.sdc'
Info: Found TIMEQUEST_REPORT_SCRIPT_INCLUDE_DEFAULT_ANALYSIS = ON
Info: Analyzing Slow Model
Info (332140): No fmax paths to report
Info (332140): No Setup paths to report
Info (332140): No Hold paths to report
Info (332140): No Recovery paths to report
Info (332140): No Removal paths to report
Info (332146): Worst-case minimum pulse width slack is 8.889
    Info (332119):     Slack End Point TNS Clock 
    Info (332119): ========= ============= =====================
    Info (332119):     8.889         0.000 clock 
Info (332001): The selected device family is not supported by the report_metastability command.
Info: Analyzing Fast Model
Info (332140): No Setup paths to report
Info (332140): No Hold paths to report
Info (332140): No Recovery paths to report
Info (332140): No Removal paths to report
Info (332146): Worst-case minimum pulse width slack is 9.000
    Info (332119):     Slack End Point TNS Clock 
    Info (332119): ========= ============= =====================
    Info (332119):     9.000         0.000 clock 
Info (332001): The selected device family is not supported by the report_metastability command.
Info (332102): Design is not fully constrained for setup requirements
Info (332102): Design is not fully constrained for hold requirements
Info: Quartus II 64-Bit TimeQuest Timing Analyzer was successful. 0 errors, 1 warning
    Info: Peak virtual memory: 455 megabytes
    Info: Processing ended: Sun Oct 07 19:17:32 2018
    Info: Elapsed time: 00:00:01
    Info: Total CPU time (on all processors): 00:00:01


